************************************************************
************************************************************
****                                                    ****
**      PyFLAT - Python program for                       **
**           Finite-element Linear Analysis Tutorial      **
****                                                    ****
************************************************************
************************************************************

This program was started in validate mode.
Skipping version, license, and execution time notation.


Configuration via commandline arguments:  ==================
Matrix solver                           :     SKYLINE
  ... Sparse solver implementation using Skyline storage format.
Reordering algorithm                    :         RCM
  ... Reverse Cuthill-McKee (RCM) method to optimize the sparsity pattern.
Verbose diagnostics output mode         :        TRUE
Peak-relative truncation tolerance      :  1.0000e-08
Hourglass stabilization coefficient     :      0.0100


************************************************************************
**  Pre-assembling the global stiffness matrix
************************************************************************

Reading model data:  =======================================
Analysis input file:
  benchmarks\model_beam_PSQUAD4I.in

Start reading the file:
NODE section...
MATERIAL section...
PROPERTY section...
ELEMENT section...
Done.


Performing symbolic assembly:  =============================
Start element loop...
  Done.

Total 100 DOFs assigned to the model.


Analyzing non-zero sparsity pattern:  ----------
Start element loop...
  Done.


************************************************************************
**  Load case #01
************************************************************************

Assembling global stiffness matrix:  =======================
Applying loading & boundary conditions:  -------
Reading data...
Generating load vector...
Done.


Performing numeric assembly:  ------------------
Start element loop...
  Done.


Solving the matrix:  =======================================
Matrix profile summary:
  number of equations        =         100
  number of matrix elements  =        2592
  matrix density             =  25.9200[%]

Perform Cholesky decomposition...
  Done.



Post-processing:  ==========================================
Nodal displacement result:  --------------------
     nid          x-disp          y-disp
       1    0.000000e+00    0.000000e+00
       2   -1.483673e-01   -1.639775e-01
       3   -2.840169e-01   -6.001609e-01
       4   -4.047960e-01   -1.295702e+00
       5   -5.082388e-01   -2.214827e+00
       6   -5.965655e-01   -3.325812e+00
       7   -6.683843e-01   -4.596961e+00
       8   -7.244871e-01   -5.995999e+00
       9   -7.644290e-01   -7.491131e+00
      10   -7.884244e-01   -9.050058e+00
      11   -7.966576e-01   -1.064173e+01
      12    0.000000e+00    0.000000e+00
      13   -7.231223e-02   -1.535479e-01
      14   -1.423652e-01   -5.935321e-01
      15   -2.012788e-01   -1.289279e+00
      16   -2.538385e-01   -2.209445e+00
      17   -2.975526e-01   -3.321315e+00
      18   -3.337018e-01   -4.593355e+00
      19   -3.616154e-01   -5.993308e+00
      20   -3.816810e-01   -7.489305e+00
      21   -3.936096e-01   -9.049255e+00
      22   -3.977006e-01   -1.064137e+01
      23    0.000000e+00    0.000000e+00
      24    0.000000e+00   -1.501292e-01
      25    0.000000e+00   -5.912473e-01
      26    0.000000e+00   -1.287197e+00
      27    0.000000e+00   -2.207613e+00
      28    0.000000e+00   -3.319838e+00
      29    0.000000e+00   -4.592142e+00
      30    0.000000e+00   -5.992418e+00
      31    0.000000e+00   -7.488688e+00
      32    0.000000e+00   -9.049009e+00
      33    0.000000e+00   -1.064117e+01
      34    0.000000e+00    0.000000e+00
      35    7.231223e-02   -1.535479e-01
      36    1.423652e-01   -5.935321e-01
      37    2.012788e-01   -1.289279e+00
      38    2.538385e-01   -2.209445e+00
      39    2.975526e-01   -3.321315e+00
      40    3.337018e-01   -4.593355e+00
      41    3.616154e-01   -5.993308e+00
      42    3.816810e-01   -7.489305e+00
      43    3.936096e-01   -9.049255e+00
      44    3.977006e-01   -1.064137e+01
      45    0.000000e+00    0.000000e+00
      46    1.483673e-01   -1.639775e-01
      47    2.840169e-01   -6.001609e-01
      48    4.047960e-01   -1.295702e+00
      49    5.082388e-01   -2.214827e+00
      50    5.965655e-01   -3.325812e+00
      51    6.683843e-01   -4.596961e+00
      52    7.244871e-01   -5.995999e+00
      53    7.644290e-01   -7.491131e+00
      54    7.884244e-01   -9.050058e+00
      55    7.966576e-01   -1.064173e+01


Element stress result:  ------------------------
     eid  ip           str11           str22           str33           str12
       1   1   -1.431476e+03   -2.677149e+02    0.000000e+00   -2.686611e+01
       1   2   -1.431476e+03   -1.481156e+01    0.000000e+00   -2.686611e+01
       1   3   -9.704168e+02   -2.677149e+02    0.000000e+00   -2.686611e+01
       1   4   -9.704168e+02   -1.481156e+01    0.000000e+00   -2.686611e+01
       2   1   -1.267478e+03    8.371229e+01    0.000000e+00   -1.078376e+01
       2   2   -1.267478e+03   -8.451737e+00    0.000000e+00   -1.078376e+01
       2   3   -8.698199e+02    8.371229e+01    0.000000e+00   -1.078376e+01
       2   4   -8.698199e+02   -8.451737e+00    0.000000e+00   -1.078376e+01
       3   1   -1.133847e+03   -7.311543e+00    0.000000e+00   -2.142908e+01
       3   2   -1.133847e+03   -1.228938e+01    0.000000e+00   -2.142908e+01
       3   3   -7.588072e+02   -7.311543e+00    0.000000e+00   -2.142908e+01
       3   4   -7.588072e+02   -1.228938e+01    0.000000e+00   -2.142908e+01
       4   1   -9.725123e+02    1.506197e+01    0.000000e+00   -1.538727e+01
       4   2   -9.725123e+02   -1.018343e+01    0.000000e+00   -1.538727e+01
       4   3   -6.640499e+02    1.506197e+01    0.000000e+00   -1.538727e+01
       4   4   -6.640499e+02   -1.018343e+01    0.000000e+00   -1.538727e+01
       5   1   -8.286049e+02    1.018543e+01    0.000000e+00   -1.858127e+01
       5   2   -8.286049e+02   -1.129089e+01    0.000000e+00   -1.858127e+01
       5   3   -5.581560e+02    1.018543e+01    0.000000e+00   -1.858127e+01
       5   4   -5.581560e+02   -1.129089e+01    0.000000e+00   -1.858127e+01
       6   1   -6.749153e+02    1.091633e+01    0.000000e+00   -1.697698e+01
       6   2   -6.749153e+02   -1.068543e+01    0.000000e+00   -1.697698e+01
       6   3   -4.586796e+02    1.091633e+01    0.000000e+00   -1.697698e+01
       6   4   -4.586796e+02   -1.068543e+01    0.000000e+00   -1.697698e+01
       7   1   -5.265589e+02    1.099304e+01    0.000000e+00   -1.771633e+01
       7   2   -5.265589e+02   -1.118968e+01    0.000000e+00   -1.771633e+01
       7   3   -3.556713e+02    1.099304e+01    0.000000e+00   -1.771633e+01
       7   4   -3.556713e+02   -1.118968e+01    0.000000e+00   -1.771633e+01
       8   1   -3.751709e+02    1.087188e+01    0.000000e+00   -1.746833e+01
       8   2   -3.751709e+02   -1.010037e+01    0.000000e+00   -1.746833e+01
       8   3   -2.546769e+02    1.087188e+01    0.000000e+00   -1.746833e+01
       8   4   -2.546769e+02   -1.010037e+01    0.000000e+00   -1.746833e+01
       9   1   -2.256288e+02    1.090014e+01    0.000000e+00   -1.741600e+01
       9   2   -2.256288e+02   -1.391856e+01    0.000000e+00   -1.741600e+01
       9   3   -1.524780e+02    1.090014e+01    0.000000e+00   -1.741600e+01
       9   4   -1.524780e+02   -1.391856e+01    0.000000e+00   -1.741600e+01
      10   1   -7.555972e+01    1.094383e+01    0.000000e+00   -1.756327e+01
      10   2   -7.555972e+01    3.759202e-01    0.000000e+00   -1.756327e+01
      10   3   -5.044847e+01    1.094383e+01    0.000000e+00   -1.756327e+01
      10   4   -5.044847e+01    3.759202e-01    0.000000e+00   -1.756327e+01
      11   1   -6.127027e+02   -8.771218e+01    0.000000e+00   -2.913389e+01
      11   2   -6.127027e+02   -4.812994e+00    0.000000e+00   -2.913389e+01
      11   3   -1.743332e+02   -8.771218e+01    0.000000e+00   -2.913389e+01
      11   4   -1.743332e+02   -4.812994e+00    0.000000e+00   -2.913389e+01
      12   1   -5.770025e+02    2.412165e+01    0.000000e+00   -4.521624e+01
      12   2   -5.770025e+02   -3.374308e+00    0.000000e+00   -4.521624e+01
      12   3   -1.523291e+02    2.412165e+01    0.000000e+00   -4.521624e+01
      12   4   -1.523291e+02   -3.374308e+00    0.000000e+00   -4.521624e+01
      13   1   -4.882273e+02    1.264457e+00    0.000000e+00   -3.457092e+01
      13   2   -4.882273e+02   -3.654032e+00    0.000000e+00   -3.457092e+01
      13   3   -1.310825e+02    1.264457e+00    0.000000e+00   -3.457092e+01
      13   4   -1.310825e+02   -3.654032e+00    0.000000e+00   -3.457092e+01
      14   1   -4.354449e+02    2.384688e+00    0.000000e+00   -4.061273e+01
      14   2   -4.354449e+02   -3.674733e+00    0.000000e+00   -4.061273e+01
      14   3   -1.168188e+02    2.384688e+00    0.000000e+00   -4.061273e+01
      14   4   -1.168188e+02   -3.674733e+00    0.000000e+00   -4.061273e+01
      15   1   -3.617885e+02    5.011185e+00    0.000000e+00   -3.741873e+01
      15   2   -3.617885e+02   -3.593856e+00    0.000000e+00   -3.741873e+01
      15   3   -9.678530e+01    5.011185e+00    0.000000e+00   -3.741873e+01
      15   4   -9.678530e+01   -3.593856e+00    0.000000e+00   -3.741873e+01
      16   1   -2.994960e+02    2.725270e+00    0.000000e+00   -3.902302e+01
      16   2   -2.994960e+02   -3.667473e+00    0.000000e+00   -3.902302e+01
      16   3   -8.035317e+01    2.725270e+00    0.000000e+00   -3.902302e+01
      16   4   -8.035317e+01   -3.667473e+00    0.000000e+00   -3.902302e+01
      17   1   -2.310834e+02    4.158062e+00    0.000000e+00   -3.828367e+01
      17   2   -2.310834e+02   -3.681512e+00    0.000000e+00   -3.828367e+01
      17   3   -6.186628e+01    4.158062e+00    0.000000e+00   -3.828367e+01
      17   4   -6.186628e+01   -3.681512e+00    0.000000e+00   -3.828367e+01
      18   1   -1.661506e+02    3.364564e+00    0.000000e+00   -3.853167e+01
      18   2   -1.661506e+02   -3.268578e+00    0.000000e+00   -3.853167e+01
      18   3   -4.450937e+01    3.364564e+00    0.000000e+00   -3.853167e+01
      18   4   -4.450937e+01   -3.268578e+00    0.000000e+00   -3.853167e+01
      19   1   -9.900469e+01    3.755007e+00    0.000000e+00   -3.858400e+01
      19   2   -9.900469e+01   -5.241850e+00    0.000000e+00   -3.858400e+01
      19   3   -2.669149e+01    3.755007e+00    0.000000e+00   -3.858400e+01
      19   4   -2.669149e+01   -5.241850e+00    0.000000e+00   -3.858400e+01
      20   1   -3.297961e+01    3.658599e+00    0.000000e+00   -3.843673e+01
      20   2   -3.297961e+01    2.327991e+00    0.000000e+00   -3.843673e+01
      20   3   -8.179486e+00    3.658599e+00    0.000000e+00   -3.843673e+01
      20   4   -8.179486e+00    2.327991e+00    0.000000e+00   -3.843673e+01
      21   1    1.743332e+02    8.771218e+01    0.000000e+00   -2.913389e+01
      21   2    1.743332e+02    4.812994e+00    0.000000e+00   -2.913389e+01
      21   3    6.127027e+02    8.771218e+01    0.000000e+00   -2.913389e+01
      21   4    6.127027e+02    4.812994e+00    0.000000e+00   -2.913389e+01
      22   1    1.523291e+02   -2.412165e+01    0.000000e+00   -4.521624e+01
      22   2    1.523291e+02    3.374308e+00    0.000000e+00   -4.521624e+01
      22   3    5.770025e+02   -2.412165e+01    0.000000e+00   -4.521624e+01
      22   4    5.770025e+02    3.374308e+00    0.000000e+00   -4.521624e+01
      23   1    1.310825e+02   -1.264457e+00    0.000000e+00   -3.457092e+01
      23   2    1.310825e+02    3.654032e+00    0.000000e+00   -3.457092e+01
      23   3    4.882273e+02   -1.264457e+00    0.000000e+00   -3.457092e+01
      23   4    4.882273e+02    3.654032e+00    0.000000e+00   -3.457092e+01
      24   1    1.168188e+02   -2.384688e+00    0.000000e+00   -4.061273e+01
      24   2    1.168188e+02    3.674733e+00    0.000000e+00   -4.061273e+01
      24   3    4.354449e+02   -2.384688e+00    0.000000e+00   -4.061273e+01
      24   4    4.354449e+02    3.674733e+00    0.000000e+00   -4.061273e+01
      25   1    9.678530e+01   -5.011185e+00    0.000000e+00   -3.741873e+01
      25   2    9.678530e+01    3.593856e+00    0.000000e+00   -3.741873e+01
      25   3    3.617885e+02   -5.011185e+00    0.000000e+00   -3.741873e+01
      25   4    3.617885e+02    3.593856e+00    0.000000e+00   -3.741873e+01
      26   1    8.035317e+01   -2.725270e+00    0.000000e+00   -3.902302e+01
      26   2    8.035317e+01    3.667473e+00    0.000000e+00   -3.902302e+01
      26   3    2.994960e+02   -2.725270e+00    0.000000e+00   -3.902302e+01
      26   4    2.994960e+02    3.667473e+00    0.000000e+00   -3.902302e+01
      27   1    6.186628e+01   -4.158062e+00    0.000000e+00   -3.828367e+01
      27   2    6.186628e+01    3.681512e+00    0.000000e+00   -3.828367e+01
      27   3    2.310834e+02   -4.158062e+00    0.000000e+00   -3.828367e+01
      27   4    2.310834e+02    3.681512e+00    0.000000e+00   -3.828367e+01
      28   1    4.450937e+01   -3.364564e+00    0.000000e+00   -3.853167e+01
      28   2    4.450937e+01    3.268578e+00    0.000000e+00   -3.853167e+01
      28   3    1.661506e+02   -3.364564e+00    0.000000e+00   -3.853167e+01
      28   4    1.661506e+02    3.268578e+00    0.000000e+00   -3.853167e+01
      29   1    2.669149e+01   -3.755007e+00    0.000000e+00   -3.858400e+01
      29   2    2.669149e+01    5.241850e+00    0.000000e+00   -3.858400e+01
      29   3    9.900469e+01   -3.755007e+00    0.000000e+00   -3.858400e+01
      29   4    9.900469e+01    5.241850e+00    0.000000e+00   -3.858400e+01
      30   1    8.179486e+00   -3.658599e+00    0.000000e+00   -3.843673e+01
      30   2    8.179486e+00   -2.327991e+00    0.000000e+00   -3.843673e+01
      30   3    3.297961e+01   -3.658599e+00    0.000000e+00   -3.843673e+01
      30   4    3.297961e+01   -2.327991e+00    0.000000e+00   -3.843673e+01
      31   1    9.704168e+02    2.677149e+02    0.000000e+00   -2.686611e+01
      31   2    9.704168e+02    1.481156e+01    0.000000e+00   -2.686611e+01
      31   3    1.431476e+03    2.677149e+02    0.000000e+00   -2.686611e+01
      31   4    1.431476e+03    1.481156e+01    0.000000e+00   -2.686611e+01
      32   1    8.698199e+02   -8.371229e+01    0.000000e+00   -1.078376e+01
      32   2    8.698199e+02    8.451737e+00    0.000000e+00   -1.078376e+01
      32   3    1.267478e+03   -8.371229e+01    0.000000e+00   -1.078376e+01
      32   4    1.267478e+03    8.451737e+00    0.000000e+00   -1.078376e+01
      33   1    7.588072e+02    7.311543e+00    0.000000e+00   -2.142908e+01
      33   2    7.588072e+02    1.228938e+01    0.000000e+00   -2.142908e+01
      33   3    1.133847e+03    7.311543e+00    0.000000e+00   -2.142908e+01
      33   4    1.133847e+03    1.228938e+01    0.000000e+00   -2.142908e+01
      34   1    6.640499e+02   -1.506197e+01    0.000000e+00   -1.538727e+01
      34   2    6.640499e+02    1.018343e+01    0.000000e+00   -1.538727e+01
      34   3    9.725123e+02   -1.506197e+01    0.000000e+00   -1.538727e+01
      34   4    9.725123e+02    1.018343e+01    0.000000e+00   -1.538727e+01
      35   1    5.581560e+02   -1.018543e+01    0.000000e+00   -1.858127e+01
      35   2    5.581560e+02    1.129089e+01    0.000000e+00   -1.858127e+01
      35   3    8.286049e+02   -1.018543e+01    0.000000e+00   -1.858127e+01
      35   4    8.286049e+02    1.129089e+01    0.000000e+00   -1.858127e+01
      36   1    4.586796e+02   -1.091633e+01    0.000000e+00   -1.697698e+01
      36   2    4.586796e+02    1.068543e+01    0.000000e+00   -1.697698e+01
      36   3    6.749153e+02   -1.091633e+01    0.000000e+00   -1.697698e+01
      36   4    6.749153e+02    1.068543e+01    0.000000e+00   -1.697698e+01
      37   1    3.556713e+02   -1.099304e+01    0.000000e+00   -1.771633e+01
      37   2    3.556713e+02    1.118968e+01    0.000000e+00   -1.771633e+01
      37   3    5.265589e+02   -1.099304e+01    0.000000e+00   -1.771633e+01
      37   4    5.265589e+02    1.118968e+01    0.000000e+00   -1.771633e+01
      38   1    2.546769e+02   -1.087188e+01    0.000000e+00   -1.746833e+01
      38   2    2.546769e+02    1.010037e+01    0.000000e+00   -1.746833e+01
      38   3    3.751709e+02   -1.087188e+01    0.000000e+00   -1.746833e+01
      38   4    3.751709e+02    1.010037e+01    0.000000e+00   -1.746833e+01
      39   1    1.524780e+02   -1.090014e+01    0.000000e+00   -1.741600e+01
      39   2    1.524780e+02    1.391856e+01    0.000000e+00   -1.741600e+01
      39   3    2.256288e+02   -1.090014e+01    0.000000e+00   -1.741600e+01
      39   4    2.256288e+02    1.391856e+01    0.000000e+00   -1.741600e+01
      40   1    5.044847e+01   -1.094383e+01    0.000000e+00   -1.756327e+01
      40   2    5.044847e+01   -3.759202e-01    0.000000e+00   -1.756327e+01
      40   3    7.555972e+01   -1.094383e+01    0.000000e+00   -1.756327e+01
      40   4    7.555972e+01   -3.759202e-01    0.000000e+00   -1.756327e+01

