************************************************************
************************************************************
****                                                    ****
**      PyFLAT - Python program for                       **
**           Finite-element Linear Analysis Tutorial      **
****                                                    ****
************************************************************
************************************************************

This program was started in validate mode.
Skipping version, license, and execution time notation.


Configuration via commandline arguments:  ==================
Matrix solver                           :      DIRECT
  ... Fast sparse direct solver (via SciPy).
Reordering algorithm                    :         RCM
  ... Reverse Cuthill-McKee (RCM) method to optimize the sparsity pattern.
Verbose diagnostics output mode         :        TRUE
Peak-relative truncation tolerance      :  1.0000e-08
Hourglass stabilization coefficient     :      0.0100


************************************************************************
**  Pre-assembling the global stiffness matrix
************************************************************************

Reading model data:  =======================================
Analysis input file:
  benchmarks\model_beam_PSQUAD4.in

Start reading the file:
NODE section...
MATERIAL section...
PROPERTY section...
ELEMENT section...
Done.


Performing symbolic assembly:  =============================
Start element loop...
  Done.

Total 100 DOFs assigned to the model.


Analyzing non-zero sparsity pattern:  ----------
Start element loop...
  Done.


************************************************************************
**  Load case #01
************************************************************************

Assembling global stiffness matrix:  =======================
Applying loading & boundary conditions:  -------
Reading data...
Generating load vector...
Done.


Performing numeric assembly:  ------------------
Start element loop...
  Done.


Solving the matrix:  =======================================
Perform general LU decomposition...
  Done.

Matrix profile summary:
  number of equations        =         100
  number of matrix elements  =        2374
  matrix density             =  23.7400[%]

Performing forward/backward substitution...
  Done.


Post-processing:  ==========================================
Nodal displacement result:  --------------------
     nid          x-disp          y-disp
       1    0.000000e+00    0.000000e+00
       2   -1.070709e-01   -1.201162e-01
       3   -2.050885e-01   -4.371377e-01
       4   -2.913765e-01   -9.403253e-01
       5   -3.661411e-01   -1.604171e+00
       6   -4.294188e-01   -2.406137e+00
       7   -4.811863e-01   -3.323135e+00
       8   -5.214518e-01   -4.332165e+00
       9   -5.502125e-01   -5.410238e+00
      10   -5.674542e-01   -6.534230e+00
      11   -5.733298e-01   -7.681697e+00
      12    0.000000e+00    0.000000e+00
      13   -5.256891e-02   -1.127653e-01
      14   -1.023426e-01   -4.323028e-01
      15   -1.452134e-01   -9.357222e-01
      16   -1.826724e-01   -1.600304e+00
      17   -2.142925e-01   -2.402899e+00
      18   -2.401811e-01   -3.320547e+00
      19   -2.603096e-01   -4.330226e+00
      20   -2.747016e-01   -5.408929e+00
      21   -2.832962e-01   -6.533647e+00
      22   -2.862234e-01   -7.681431e+00
      23    0.000000e+00    0.000000e+00
      24    0.000000e+00   -1.103700e-01
      25    0.000000e+00   -4.306442e-01
      26    0.000000e+00   -9.342111e-01
      27    0.000000e+00   -1.599006e+00
      28    0.000000e+00   -2.401822e+00
      29    0.000000e+00   -3.319683e+00
      30    0.000000e+00   -4.329580e+00
      31    0.000000e+00   -5.408491e+00
      32    0.000000e+00   -6.533464e+00
      33    0.000000e+00   -7.681297e+00
      34    0.000000e+00    0.000000e+00
      35    5.256891e-02   -1.127653e-01
      36    1.023426e-01   -4.323028e-01
      37    1.452134e-01   -9.357222e-01
      38    1.826724e-01   -1.600304e+00
      39    2.142925e-01   -2.402899e+00
      40    2.401811e-01   -3.320547e+00
      41    2.603096e-01   -4.330226e+00
      42    2.747016e-01   -5.408929e+00
      43    2.832962e-01   -6.533647e+00
      44    2.862234e-01   -7.681431e+00
      45    0.000000e+00    0.000000e+00
      46    1.070709e-01   -1.201162e-01
      47    2.050885e-01   -4.371377e-01
      48    2.913765e-01   -9.403253e-01
      49    3.661411e-01   -1.604171e+00
      50    4.294188e-01   -2.406137e+00
      51    4.811863e-01   -3.323135e+00
      52    5.214518e-01   -4.332165e+00
      53    5.502125e-01   -5.410238e+00
      54    5.674542e-01   -6.534230e+00
      55    5.733298e-01   -7.681697e+00


Element stress result:  ------------------------
     eid  ip           str11           str22           str33           str12
       1   1   -1.081028e+03   -2.590649e+02    0.000000e+00   -2.927572e+02
       1   2   -1.022265e+03   -6.318676e+01    0.000000e+00    2.155512e+02
       1   3   -7.179510e+02   -1.501416e+02    0.000000e+00   -2.756179e+02
       1   4   -6.591876e+02    4.573648e+01    0.000000e+00    2.326906e+02
       2   1   -9.189172e+02    1.073030e+01    0.000000e+00   -2.373196e+02
       2   2   -9.390302e+02   -5.631290e+01    0.000000e+00    2.126241e+02
       2   3   -5.975289e+02    1.071468e+02    0.000000e+00   -2.431859e+02
       2   4   -6.176419e+02    4.010360e+01    0.000000e+00    2.067578e+02
       3   1   -8.234970e+02   -4.604090e+01    0.000000e+00   -2.243466e+02
       3   2   -8.253497e+02   -5.221650e+01    0.000000e+00    1.805810e+02
       3   3   -5.342631e+02    4.072929e+01    0.000000e+00   -2.248869e+02
       3   4   -5.361158e+02    3.455369e+01    0.000000e+00    1.800406e+02
       4   1   -7.101209e+02   -2.623431e+01    0.000000e+00   -1.930972e+02
       4   2   -7.160018e+02   -4.583744e+01    0.000000e+00    1.548306e+02
       4   3   -4.616010e+02    4.832166e+01    0.000000e+00   -1.948125e+02
       4   4   -4.674819e+02    2.871853e+01    0.000000e+00    1.531153e+02
       5   1   -6.012256e+02   -2.351617e+01    0.000000e+00   -1.674509e+02
       5   2   -6.062533e+02   -4.027509e+01    0.000000e+00    1.278019e+02
       5   3   -3.903308e+02    3.975229e+01    0.000000e+00   -1.689173e+02
       5   4   -3.953585e+02    2.299337e+01    0.000000e+00    1.263355e+02
       6   1   -4.912756e+02   -1.713417e+01    0.000000e+00   -1.403537e+02
       6   2   -4.964728e+02   -3.445799e+01    0.000000e+00    1.010034e+02
       6   3   -3.188777e+02    3.458520e+01    0.000000e+00   -1.418696e+02
       6   4   -3.240749e+02    1.726139e+01    0.000000e+00    9.948752e+01
       7   1   -3.815631e+02   -1.152458e+01    0.000000e+00   -1.135787e+02
       7   2   -3.867593e+02   -2.884522e+01    0.000000e+00    7.422838e+01
       7   3   -2.474153e+02    2.871978e+01    0.000000e+00   -1.150942e+02
       7   4   -2.526115e+02    1.139914e+01    0.000000e+00    7.271282e+01
       8   1   -2.718208e+02   -5.722752e+00    0.000000e+00   -8.679284e+01
       8   2   -2.768555e+02   -2.250500e+01    0.000000e+00    4.721495e+01
       8   3   -1.761009e+02    2.299320e+01    0.000000e+00   -8.826129e+01
       8   4   -1.811356e+02    6.210960e+00    0.000000e+00    4.574651e+01
       9   1   -1.618618e+02   -3.622544e-02    0.000000e+00   -5.973878e+01
       9   2   -1.676616e+02   -1.936910e+01    0.000000e+00    2.090770e+01
       9   3   -1.042571e+02    1.724516e+01    0.000000e+00   -6.143040e+01
       9   4   -1.100570e+02   -2.087711e+00    0.000000e+00    1.921608e+01
      10   1   -5.346178e+01    5.633521e+00    0.000000e+00   -3.396245e+01
      10   2   -5.599978e+01   -2.826479e+00    0.000000e+00   -6.463689e+00
      10   3   -3.381981e+01    1.152611e+01    0.000000e+00   -3.470270e+01
      10   4   -3.635781e+01    3.066112e+00    0.000000e+00   -7.203939e+00
      11   1   -4.713736e+02   -1.201527e+02    0.000000e+00   -2.738991e+02
      11   2   -4.522258e+02   -5.632664e+01    0.000000e+00    2.163810e+02
      11   3   -1.211735e+02   -1.509268e+01    0.000000e+00   -2.683143e+02
      11   4   -1.020257e+02    4.873338e+01    0.000000e+00    2.219658e+02
      12   1   -4.219362e+02   -3.251893e+01    0.000000e+00   -2.719657e+02
      12   2   -4.278253e+02   -5.214936e+01    0.000000e+00    1.922452e+02
      12   3   -9.035698e+01    6.695482e+01    0.000000e+00   -2.736833e+02
      12   4   -9.624611e+01    4.732439e+01    0.000000e+00    1.905275e+02
      13   1   -3.675948e+02   -4.192747e+01    0.000000e+00   -2.335906e+02
      13   2   -3.687735e+02   -4.585652e+01    0.000000e+00    1.662404e+02
      13   3   -8.200121e+01    4.375060e+01    0.000000e+00   -2.339344e+02
      13   4   -8.317993e+01    3.982154e+01    0.000000e+00    1.658966e+02
      14   1   -3.205805e+02   -3.459684e+01    0.000000e+00   -2.104403e+02
      14   2   -3.222824e+02   -4.026961e+01    0.000000e+00    1.389185e+02
      14   3   -7.103851e+01    4.026576e+01    0.000000e+00   -2.109367e+02
      14   4   -7.274034e+01    3.459299e+01    0.000000e+00    1.384222e+02
      15   1   -2.704193e+02   -2.856831e+01    0.000000e+00   -1.826350e+02
      15   2   -2.721919e+02   -3.447708e+01    0.000000e+00    1.122675e+02
      15   3   -5.977465e+01    3.462508e+01    0.000000e+00   -1.831520e+02
      15   4   -6.154728e+01    2.871631e+01    0.000000e+00    1.117505e+02
      16   1   -2.213066e+02   -2.306879e+01    0.000000e+00   -1.560429e+02
      16   2   -2.230081e+02   -2.874067e+01    0.000000e+00    8.540539e+01
      16   3   -4.884350e+01    2.867012e+01    0.000000e+00   -1.565392e+02
      16   4   -5.054506e+01    2.299825e+01    0.000000e+00    8.490910e+01
      17   1   -1.718502e+02   -1.721547e+01    0.000000e+00   -1.291765e+02
      17   2   -1.735912e+02   -2.301872e+01    0.000000e+00    5.855011e+01
      17   3   -3.775976e+01    2.301166e+01    0.000000e+00   -1.296843e+02
      17   4   -3.950074e+01    1.720841e+01    0.000000e+00    5.804232e+01
      18   1   -1.226342e+02   -1.150848e+01    0.000000e+00   -1.023477e+02
      18   2   -1.242949e+02   -1.704432e+01    0.000000e+00    3.187843e+01
      18   3   -2.675834e+01    1.725427e+01    0.000000e+00   -1.028321e+02
      18   4   -2.841909e+01    1.171842e+01    0.000000e+00    3.139405e+01
      19   1   -7.289243e+01   -5.731925e+00    0.000000e+00   -7.551979e+01
      19   2   -7.493197e+01   -1.253037e+01    0.000000e+00    4.637357e+00
      19   3   -1.563733e+01    1.144461e+01    0.000000e+00   -7.611466e+01
      19   4   -1.767686e+01    4.646161e+00    0.000000e+00    4.042493e+00
      20   1   -2.424822e+01   -2.701569e-02    0.000000e+00   -4.900936e+01
      20   2   -2.464210e+01   -1.339965e+00    0.000000e+00   -2.170937e+01
      20   3   -4.748224e+00    5.822983e+00    0.000000e+00   -4.912424e+01
      20   4   -5.142109e+00    4.510033e+00    0.000000e+00   -2.182425e+01
      21   1    1.211735e+02    1.509268e+01    0.000000e+00   -2.683143e+02
      21   2    1.020257e+02   -4.873338e+01    0.000000e+00    2.219658e+02
      21   3    4.713736e+02    1.201527e+02    0.000000e+00   -2.738991e+02
      21   4    4.522258e+02    5.632664e+01    0.000000e+00    2.163810e+02
      22   1    9.035698e+01   -6.695482e+01    0.000000e+00   -2.736833e+02
      22   2    9.624611e+01   -4.732439e+01    0.000000e+00    1.905275e+02
      22   3    4.219362e+02    3.251893e+01    0.000000e+00   -2.719657e+02
      22   4    4.278253e+02    5.214936e+01    0.000000e+00    1.922452e+02
      23   1    8.200121e+01   -4.375060e+01    0.000000e+00   -2.339344e+02
      23   2    8.317993e+01   -3.982154e+01    0.000000e+00    1.658966e+02
      23   3    3.675948e+02    4.192747e+01    0.000000e+00   -2.335906e+02
      23   4    3.687735e+02    4.585652e+01    0.000000e+00    1.662404e+02
      24   1    7.103851e+01   -4.026576e+01    0.000000e+00   -2.109367e+02
      24   2    7.274034e+01   -3.459299e+01    0.000000e+00    1.384222e+02
      24   3    3.205805e+02    3.459684e+01    0.000000e+00   -2.104403e+02
      24   4    3.222824e+02    4.026961e+01    0.000000e+00    1.389185e+02
      25   1    5.977465e+01   -3.462508e+01    0.000000e+00   -1.831520e+02
      25   2    6.154728e+01   -2.871631e+01    0.000000e+00    1.117505e+02
      25   3    2.704193e+02    2.856831e+01    0.000000e+00   -1.826350e+02
      25   4    2.721919e+02    3.447708e+01    0.000000e+00    1.122675e+02
      26   1    4.884350e+01   -2.867012e+01    0.000000e+00   -1.565392e+02
      26   2    5.054506e+01   -2.299825e+01    0.000000e+00    8.490910e+01
      26   3    2.213066e+02    2.306879e+01    0.000000e+00   -1.560429e+02
      26   4    2.230081e+02    2.874067e+01    0.000000e+00    8.540539e+01
      27   1    3.775976e+01   -2.301166e+01    0.000000e+00   -1.296843e+02
      27   2    3.950074e+01   -1.720841e+01    0.000000e+00    5.804232e+01
      27   3    1.718502e+02    1.721547e+01    0.000000e+00   -1.291765e+02
      27   4    1.735912e+02    2.301872e+01    0.000000e+00    5.855011e+01
      28   1    2.675834e+01   -1.725427e+01    0.000000e+00   -1.028321e+02
      28   2    2.841909e+01   -1.171842e+01    0.000000e+00    3.139405e+01
      28   3    1.226342e+02    1.150848e+01    0.000000e+00   -1.023477e+02
      28   4    1.242949e+02    1.704432e+01    0.000000e+00    3.187843e+01
      29   1    1.563733e+01   -1.144461e+01    0.000000e+00   -7.611466e+01
      29   2    1.767686e+01   -4.646161e+00    0.000000e+00    4.042493e+00
      29   3    7.289243e+01    5.731925e+00    0.000000e+00   -7.551979e+01
      29   4    7.493197e+01    1.253037e+01    0.000000e+00    4.637357e+00
      30   1    4.748224e+00   -5.822983e+00    0.000000e+00   -4.912424e+01
      30   2    5.142109e+00   -4.510033e+00    0.000000e+00   -2.182425e+01
      30   3    2.424822e+01    2.701569e-02    0.000000e+00   -4.900936e+01
      30   4    2.464210e+01    1.339965e+00    0.000000e+00   -2.170937e+01
      31   1    7.179510e+02    1.501416e+02    0.000000e+00   -2.756179e+02
      31   2    6.591876e+02   -4.573648e+01    0.000000e+00    2.326906e+02
      31   3    1.081028e+03    2.590649e+02    0.000000e+00   -2.927572e+02
      31   4    1.022265e+03    6.318676e+01    0.000000e+00    2.155512e+02
      32   1    5.975289e+02   -1.071468e+02    0.000000e+00   -2.431859e+02
      32   2    6.176419e+02   -4.010360e+01    0.000000e+00    2.067578e+02
      32   3    9.189172e+02   -1.073030e+01    0.000000e+00   -2.373196e+02
      32   4    9.390302e+02    5.631290e+01    0.000000e+00    2.126241e+02
      33   1    5.342631e+02   -4.072929e+01    0.000000e+00   -2.248869e+02
      33   2    5.361158e+02   -3.455369e+01    0.000000e+00    1.800406e+02
      33   3    8.234970e+02    4.604090e+01    0.000000e+00   -2.243466e+02
      33   4    8.253497e+02    5.221650e+01    0.000000e+00    1.805810e+02
      34   1    4.616010e+02   -4.832166e+01    0.000000e+00   -1.948125e+02
      34   2    4.674819e+02   -2.871853e+01    0.000000e+00    1.531153e+02
      34   3    7.101209e+02    2.623431e+01    0.000000e+00   -1.930972e+02
      34   4    7.160018e+02    4.583744e+01    0.000000e+00    1.548306e+02
      35   1    3.903308e+02   -3.975229e+01    0.000000e+00   -1.689173e+02
      35   2    3.953585e+02   -2.299337e+01    0.000000e+00    1.263355e+02
      35   3    6.012256e+02    2.351617e+01    0.000000e+00   -1.674509e+02
      35   4    6.062533e+02    4.027509e+01    0.000000e+00    1.278019e+02
      36   1    3.188777e+02   -3.458520e+01    0.000000e+00   -1.418696e+02
      36   2    3.240749e+02   -1.726139e+01    0.000000e+00    9.948752e+01
      36   3    4.912756e+02    1.713417e+01    0.000000e+00   -1.403537e+02
      36   4    4.964728e+02    3.445799e+01    0.000000e+00    1.010034e+02
      37   1    2.474153e+02   -2.871978e+01    0.000000e+00   -1.150942e+02
      37   2    2.526115e+02   -1.139914e+01    0.000000e+00    7.271282e+01
      37   3    3.815631e+02    1.152458e+01    0.000000e+00   -1.135787e+02
      37   4    3.867593e+02    2.884522e+01    0.000000e+00    7.422838e+01
      38   1    1.761009e+02   -2.299320e+01    0.000000e+00   -8.826129e+01
      38   2    1.811356e+02   -6.210960e+00    0.000000e+00    4.574651e+01
      38   3    2.718208e+02    5.722752e+00    0.000000e+00   -8.679284e+01
      38   4    2.768555e+02    2.250500e+01    0.000000e+00    4.721495e+01
      39   1    1.042571e+02   -1.724516e+01    0.000000e+00   -6.143040e+01
      39   2    1.100570e+02    2.087711e+00    0.000000e+00    1.921608e+01
      39   3    1.618618e+02    3.622544e-02    0.000000e+00   -5.973878e+01
      39   4    1.676616e+02    1.936910e+01    0.000000e+00    2.090770e+01
      40   1    3.381981e+01   -1.152611e+01    0.000000e+00   -3.470270e+01
      40   2    3.635781e+01   -3.066112e+00    0.000000e+00   -7.203939e+00
      40   3    5.346178e+01   -5.633521e+00    0.000000e+00   -3.396245e+01
      40   4    5.599978e+01    2.826479e+00    0.000000e+00   -6.463689e+00

