************************************************************
************************************************************
****                                                    ****
**      PyFLAT - Python program for                       **
**           Finite-element Linear Analysis Tutorial      **
****                                                    ****
************************************************************
************************************************************

This program was started in validate mode.
Skipping version, license, and execution time notation.


Configuration via commandline arguments:  ==================
Matrix solver                           :     SKYLINE
  ... Sparse solver implementation using Skyline storage format.
Reordering algorithm                    :         RCM
  ... Reverse Cuthill-McKee (RCM) method to optimize the sparsity pattern.
Verbose diagnostics output mode         :        TRUE
Peak-relative truncation tolerance      :  1.0000e-08
Hourglass stabilization coefficient     :      0.0100


************************************************************************
**  Pre-assembling the global stiffness matrix
************************************************************************

Reading model data:  =======================================
Analysis input file:
  benchmarks\model_beam_PSQUAD4R.in

Start reading the file:
NODE section...
MATERIAL section...
PROPERTY section...
ELEMENT section...
Done.


Performing symbolic assembly:  =============================
Start element loop...
  Done.

Total 100 DOFs assigned to the model.


Analyzing non-zero sparsity pattern:  ----------
Start element loop...
  Done.


************************************************************************
**  Load case #01
************************************************************************

Assembling global stiffness matrix:  =======================
Applying loading & boundary conditions:  -------
Reading data...
Generating load vector...
Done.


Performing numeric assembly:  ------------------
Start element loop...
  Done.


Solving the matrix:  =======================================
Matrix profile summary:
  number of equations        =         100
  number of matrix elements  =        2592
  matrix density             =  25.9200[%]

Perform Cholesky decomposition...
  Done.



Post-processing:  ==========================================
Nodal displacement result:  --------------------
     nid          x-disp          y-disp
       1    0.000000e+00    0.000000e+00
       2   -1.600514e-01   -1.801031e-01
       3   -3.020822e-01   -6.378420e-01
       4   -4.303706e-01   -1.384387e+00
       5   -5.380048e-01   -2.352894e+00
       6   -6.325434e-01   -3.534177e+00
       7   -7.068383e-01   -4.876136e+00
       8   -7.671490e-01   -6.359096e+00
       9   -8.082497e-01   -7.938341e+00
      10   -8.343491e-01   -9.588980e+00
      11   -8.421976e-01   -1.127009e+01
      12    0.000000e+00    0.000000e+00
      13   -7.788939e-02   -1.641386e-01
      14   -1.522817e-01   -6.360999e-01
      15   -2.127572e-01   -1.373100e+00
      16   -2.700273e-01   -2.350967e+00
      17   -3.142881e-01   -3.526318e+00
      18   -3.539361e-01   -4.874994e+00
      19   -3.820743e-01   -6.353934e+00
      20   -4.042191e-01   -7.938518e+00
      21   -4.160355e-01   -9.586139e+00
      22   -4.208682e-01   -1.127184e+01
      23    0.000000e+00    0.000000e+00
      24    0.000000e+00   -1.595587e-01
      25    0.000000e+00   -6.341647e-01
      26    0.000000e+00   -1.371163e+00
      27    0.000000e+00   -2.348159e+00
      28    0.000000e+00   -3.526100e+00
      29    0.000000e+00   -4.872050e+00
      30    0.000000e+00   -6.354892e+00
      31    0.000000e+00   -7.935806e+00
      32    0.000000e+00   -9.588055e+00
      33    0.000000e+00   -1.126946e+01
      34    0.000000e+00    0.000000e+00
      35    7.788939e-02   -1.641386e-01
      36    1.522817e-01   -6.360999e-01
      37    2.127572e-01   -1.373100e+00
      38    2.700273e-01   -2.350967e+00
      39    3.142881e-01   -3.526318e+00
      40    3.539361e-01   -4.874994e+00
      41    3.820743e-01   -6.353934e+00
      42    4.042191e-01   -7.938518e+00
      43    4.160355e-01   -9.586139e+00
      44    4.208682e-01   -1.127184e+01
      45    0.000000e+00    0.000000e+00
      46    1.600514e-01   -1.801031e-01
      47    3.020822e-01   -6.378420e-01
      48    4.303706e-01   -1.384387e+00
      49    5.380048e-01   -2.352894e+00
      50    6.325434e-01   -3.534177e+00
      51    7.068383e-01   -4.876136e+00
      52    7.671490e-01   -6.359096e+00
      53    8.082497e-01   -7.938341e+00
      54    8.343491e-01   -9.588980e+00
      55    8.421976e-01   -1.127009e+01


Element stress result:  ------------------------
     eid  ip           str11           str22           str33           str12
       1   1   -1.262212e+03   -4.341001e+01    0.000000e+00   -3.148715e+01
       2   1   -1.126011e+03    3.403412e+01    0.000000e+00   -3.736266e+00
       3   1   -9.988218e+02   -2.603680e+01    0.000000e+00   -2.804688e+01
       4   1   -8.598912e+02    1.952192e+01    0.000000e+00   -8.095110e+00
       5   1   -7.330176e+02   -1.440298e+01    0.000000e+00   -2.363026e+01
       6   1   -5.950487e+02    1.050486e+01    0.000000e+00   -1.212446e+01
       7   1   -4.666440e+02   -7.624660e+00    0.000000e+00   -2.017656e+01
       8   1   -3.303701e+02    5.564575e+00    0.000000e+00   -1.495943e+01
       9   1   -2.003015e+02   -4.145758e+00    0.000000e+00   -1.793515e+01
      10   1   -6.561335e+01    3.209121e+00    0.000000e+00   -1.664692e+01
      11   1   -4.176544e+02   -2.911707e+01    0.000000e+00   -2.451285e+01
      12   1   -3.840808e+02    2.159582e+01    0.000000e+00   -5.226373e+01
      13   1   -3.220875e+02   -1.530441e+01    0.000000e+00   -2.795312e+01
      14   1   -2.975523e+02    1.038666e+01    0.000000e+00   -4.790489e+01
      15   1   -2.344039e+02   -6.782462e+00    0.000000e+00   -3.236974e+01
      16   1   -2.068511e+02    4.335475e+00    0.000000e+00   -4.387554e+01
      17   1   -1.485829e+02   -2.857780e+00    0.000000e+00   -3.582344e+01
      18   1   -1.156111e+02    2.164998e+00    0.000000e+00   -4.104057e+01
      19   1   -6.266348e+01   -2.091307e+00    0.000000e+00   -3.806485e+01
      20   1   -2.462429e+01    2.490686e+00    0.000000e+00   -3.935308e+01
      21   1    4.176544e+02    2.911707e+01    0.000000e+00   -2.451285e+01
      22   1    3.840808e+02   -2.159582e+01    0.000000e+00   -5.226373e+01
      23   1    3.220875e+02    1.530441e+01    0.000000e+00   -2.795312e+01
      24   1    2.975523e+02   -1.038666e+01    0.000000e+00   -4.790489e+01
      25   1    2.344039e+02    6.782462e+00    0.000000e+00   -3.236974e+01
      26   1    2.068511e+02   -4.335475e+00    0.000000e+00   -4.387554e+01
      27   1    1.485829e+02    2.857780e+00    0.000000e+00   -3.582344e+01
      28   1    1.156111e+02   -2.164998e+00    0.000000e+00   -4.104057e+01
      29   1    6.266348e+01    2.091307e+00    0.000000e+00   -3.806485e+01
      30   1    2.462429e+01   -2.490686e+00    0.000000e+00   -3.935308e+01
      31   1    1.262212e+03    4.341001e+01    0.000000e+00   -3.148715e+01
      32   1    1.126011e+03   -3.403412e+01    0.000000e+00   -3.736266e+00
      33   1    9.988218e+02    2.603680e+01    0.000000e+00   -2.804688e+01
      34   1    8.598912e+02   -1.952192e+01    0.000000e+00   -8.095110e+00
      35   1    7.330176e+02    1.440298e+01    0.000000e+00   -2.363026e+01
      36   1    5.950487e+02   -1.050486e+01    0.000000e+00   -1.212446e+01
      37   1    4.666440e+02    7.624660e+00    0.000000e+00   -2.017656e+01
      38   1    3.303701e+02   -5.564575e+00    0.000000e+00   -1.495943e+01
      39   1    2.003015e+02    4.145758e+00    0.000000e+00   -1.793515e+01
      40   1    6.561335e+01   -3.209121e+00    0.000000e+00   -1.664692e+01

